// Jest Snapshot v1, https://goo.gl/fbAQLP

exports[`renderCmds .renderRollback() should return an object with pre-rendered commands 1`] = `"npm install --registry http://example.com module-1@1.0.0 module-2@1.0.0"`;

exports[`renderCmds .renderTest() should return an object with pre-rendered commands 1`] = `"npm test"`;

exports[`renderCmds .renderUpdate() should return an object with pre-rendered commands 1`] = `"npm install --registry http://example.com module-1@2.0.0 module-2@2.0.0"`;
