// Jest Snapshot v1, https://goo.gl/fbAQLP

exports[`index .errors should be an object with expected shape 1`] = `
Object {
  "OptionValueNotSupportedError": [Function],
  "PackageJsonNoAccessError": [Function],
  "RequiredOptionMissingError": [Function],
  "YarnWithCustomRegistryError": [Function],
}
`;
