// Jest Snapshot v1, https://goo.gl/fbAQLP

exports[`new Updtr() .config should match the default shape 1`] = `
Object {
  "cwd": "/Users/jhnns/dev/peerigon/updtr/test",
  "exclude": Array [],
  "nonBreaking": false,
  "registry": undefined,
  "saveExact": false,
  "test": undefined,
  "testStdout": false,
  "use": "npm",
}
`;
